// Jest Snapshot v1, https://goo.gl/fbAQLP

exports[`TechnologiesUsed elements match recorded snapshots TechnologiesUsed renders items 1`] = `
<ul
  className="ml-6 grid  grid-cols-1 sm:grid-cols-2 md:grid-cols-4 lg:grid-cols-5"
>
  <li
    className="list-disc"
  >
    one
  </li>
  <li
    className="list-disc"
  >
    two
  </li>
  <li
    className="list-disc"
  >
    three
  </li>
</ul>
`;
